id,client_id,segment_id,project_title
1,client_1,testSegment,Title 1
2,client_2,testSegment,Title 2
3,client_3,testSegment,Title 3
4,client_4,testSegment,Title 4
5,client_5,testSegment,Title 5
